// Jest Snapshot v1, https://goo.gl/fbAQLP

exports[`should pass a value to onChange handler 1`] = `ShallowWrapper {}`;

exports[`should render correctly with no props 1`] = `ShallowWrapper {}`;
